// Jest Snapshot v1, https://goo.gl/fbAQLP

exports[`Navbar component Show Correct render of Navbar 1`] = `
Object {
  "asFragment": [Function],
  "baseElement": <body>
    <div>
      <div
        class="navBar"
      >
        <div
          class="navBarHead"
        >
          <img
            alt="Logo"
            class="navImage"
            src="planet.png"
          />
          <h1>
            Space Travelers Hub
          </h1>
        </div>
        <div
          class="navBarMenu"
        >
          <a
            activeclassname="active"
            aria-current="page"
            class="rocketsLink active"
            href="/"
          >
            ROCKETS
          </a>
          <a
            activeclassname="active"
            class="missionsLink"
            href="/missions"
          >
            MISSIONS
          </a>
          <a
            activeclassname="active"
            class="profileLink"
            href="/profile"
          >
            PROFILE
          </a>
        </div>
      </div>
    </div>
  </body>,
  "container": <div>
    <div
      class="navBar"
    >
      <div
        class="navBarHead"
      >
        <img
          alt="Logo"
          class="navImage"
          src="planet.png"
        />
        <h1>
          Space Travelers Hub
        </h1>
      </div>
      <div
        class="navBarMenu"
      >
        <a
          activeclassname="active"
          aria-current="page"
          class="rocketsLink active"
          href="/"
        >
          ROCKETS
        </a>
        <a
          activeclassname="active"
          class="missionsLink"
          href="/missions"
        >
          MISSIONS
        </a>
        <a
          activeclassname="active"
          class="profileLink"
          href="/profile"
        >
          PROFILE
        </a>
      </div>
    </div>
  </div>,
  "debug": [Function],
  "findAllByAltText": [Function],
  "findAllByDisplayValue": [Function],
  "findAllByLabelText": [Function],
  "findAllByPlaceholderText": [Function],
  "findAllByRole": [Function],
  "findAllByTestId": [Function],
  "findAllByText": [Function],
  "findAllByTitle": [Function],
  "findByAltText": [Function],
  "findByDisplayValue": [Function],
  "findByLabelText": [Function],
  "findByPlaceholderText": [Function],
  "findByRole": [Function],
  "findByTestId": [Function],
  "findByText": [Function],
  "findByTitle": [Function],
  "getAllByAltText": [Function],
  "getAllByDisplayValue": [Function],
  "getAllByLabelText": [Function],
  "getAllByPlaceholderText": [Function],
  "getAllByRole": [Function],
  "getAllByTestId": [Function],
  "getAllByText": [Function],
  "getAllByTitle": [Function],
  "getByAltText": [Function],
  "getByDisplayValue": [Function],
  "getByLabelText": [Function],
  "getByPlaceholderText": [Function],
  "getByRole": [Function],
  "getByTestId": [Function],
  "getByText": [Function],
  "getByTitle": [Function],
  "queryAllByAltText": [Function],
  "queryAllByDisplayValue": [Function],
  "queryAllByLabelText": [Function],
  "queryAllByPlaceholderText": [Function],
  "queryAllByRole": [Function],
  "queryAllByTestId": [Function],
  "queryAllByText": [Function],
  "queryAllByTitle": [Function],
  "queryByAltText": [Function],
  "queryByDisplayValue": [Function],
  "queryByLabelText": [Function],
  "queryByPlaceholderText": [Function],
  "queryByRole": [Function],
  "queryByTestId": [Function],
  "queryByText": [Function],
  "queryByTitle": [Function],
  "rerender": [Function],
  "unmount": [Function],
}
`;
